// Jest Snapshot v1, https://goo.gl/fbAQLP

exports[`Recognition card header Component test should equal snapshot 1`] = `
<DocumentFragment>
  .c1 {
  width: 12vh;
}

.c0 {
  color: var(--black);
  background-color: var(--white);
  font-weight: bold;
  border: none;
}

<div>
    <div
      class="d-flex justify-content-end"
    >
      <button
        class="c0 btn btn-primary"
        type="button"
      >
        ...
      </button>
    </div>
    <div
      class="d-flex flex-row"
    >
      <div
        class="c1"
      >
        <img
          alt="Profile"
          class="img-fluid rounded-circle"
          src="https://i.picsum.photos/id/2/200/200.jpg"
        />
      </div>
      <div
        class="text-start ml-2"
      >
        <label
          class="font-weight-bold  form-label"
        >
          Roy
        </label>
        <div>
          <label
            class="form-label"
          >
             got a high five for
          </label>
          <label
            class="ml-1 font-weight-bold form-label"
          >
            positive
          </label>
        </div>
        <label
          class="text-muted form-label"
        >
          Today 10:30 AM
        </label>
      </div>
    </div>
  </div>
</DocumentFragment>
`;
