// Jest Snapshot v1, https://goo.gl/fbAQLP

exports[`Recognition text Component test should equal snapshot 1`] = `
<DocumentFragment>
  .c0 {
  border: 1px solid var(--grey);
  border-radius: 11px;
  opacity: 1;
  margin-left: 5%;
  margin-right: 5%;
}

.c1 {
  width: auto;
  margin-left: 10%;
}

.c2 {
  width: 7vh;
  margin-right: 5%;
}

<div>
    <fieldset
      class="c0"
    >
      <legend
        class="c1"
      >
        â€œ
      </legend>
      <label
        class="px-2 pb-2 pt-0 form-label"
      >
        give high five
      </label>
    </fieldset>
    <div
      class="d-flex justify-content-end w-100"
    >
      <label
        class="font-weight-bold text-dark form-label"
      >
        Roy
      </label>
      <img
        alt="Profile"
        class="c2 img-fluid rounded-circle"
        src="https://i.picsum.photos/id/2/200/200.jpg"
      />
    </div>
  </div>
</DocumentFragment>
`;
