// Jest Snapshot v1, https://goo.gl/fbAQLP

exports[`should equal to Peerly text 1`] = `
<DocumentFragment>
  .c1 {
  -webkit-transform: rotate(45deg);
  -ms-transform: rotate(45deg);
  transform: rotate(45deg);
  font-size: 48px;
  color: var(--white);
}

.c0 {
  text-align: center;
  margin-top: 15px;
  width: 50px;
  height: 50px;
  border: 3px solid var(--white);
  background-color: var(--atomic);
  -webkit-transform: rotate(45deg);
  -ms-transform: rotate(45deg);
  transform: rotate(45deg);
}

.c2 {
  color: var(--white);
  background-color: var(--atomic);
  font-size: 48px;
}

<div
    class="text-center"
  >
    <div
      class="c0 mx-auto"
      data-testid="Logo"
    >
      <div
        class="c1"
        data-testid="plusSignText"
        font-size="48px"
      >
        +
      </div>
    </div>
    <div
      class="c2"
      data-testid="PeerlyTextComponents"
      font-size="48px"
    >
      Peerly
    </div>
  </div>
</DocumentFragment>
`;
