// Jest Snapshot v1, https://goo.gl/fbAQLP

exports[`create recognition component should render correctly 1`] = `
<DocumentFragment>
  .c2 {
  -webkit-transform: rotate(0deg);
  -ms-transform: rotate(0deg);
  transform: rotate(0deg);
  font-size: 27px;
  color: var(--white);
}

.c0 {
  background: var(--white) 0% 0% no-repeat padding-box;
  box-shadow: 0px 3px 6px var(--box-shadow-color);
  border-radius: 50%;
  width: 60px;
  height: 60px;
  position: relative;
}

.c1 {
  background: transparent url(ccc) 97% 50% no-repeat padding-box;
  box-shadow: 0px 3px 6px #0000004e;
  width: 45px;
  height: 45px;
  background-color: var(--rust);
  border: none;
  border-radius: 50%;
}

<div
    class="c0 m-auto justify-content-center"
  >
    <div
      class="c1 m-auto text-center"
      id="create-recognition-button"
    >
      <div
        class="c2"
        data-testid="plusSignText"
        font-size="27px"
      >
        +
      </div>
    </div>
  </div>
</DocumentFragment>
`;
